--- Test Material Override Config (3 Phases) ---
Running Solver...
[LOG] --- Starting Phase: Step 1: K0 (phase1) [Type: PhaseType.K0_PROCEDURE] ---
--- Starting Phase: Step 1: K0 (phase1) [Type: PhaseType.K0_PROCEDURE] ---
[LOG] Running K0 Procedure for stress initialization (T6)...
Running K0 Procedure for stress initialization (T6)...
[LOG] K0 Procedure completed.
K0 Procedure completed.
[RESULT] Phase phase1 Success: True
[LOG] --- Starting Phase: Step 2: Change to Mat 2 (phase2) [Type: PhaseType.PLASTIC] ---
--- Starting Phase: Step 2: Change to Mat 2 (phase2) [Type: PhaseType.PLASTIC] ---
[LOG] Overriding material for Polygon 0: New Material 'Material Phase 2' (mat_2)
Overriding material for Polygon 0: New Material 'Material Phase 2' (mat_2)
[LOG] Phase Step 2: Change to Mat 2 | F_int_initial norm: 56.92 kN | delta_F_external norm: 0.00 kN | reset_disp: False
Phase Step 2: Change to Mat 2 | F_int_initial norm: 56.92 kN | delta_F_external norm: 0.00 kN | reset_disp: False
[LOG] Phase Step 2: Change to Mat 2 | Step 1: MStage 0.0500 | Max Incremental Disp: 0.000000 m | Iterations 2
Phase Step 2: Change to Mat 2 | Step 1: MStage 0.0500 | Max Incremental Disp: 0.000000 m | Iterations 2
[LOG] Phase Step 2: Change to Mat 2 | Step 2: MStage 0.1100 | Max Incremental Disp: 0.000000 m | Iterations 2
Phase Step 2: Change to Mat 2 | Step 2: MStage 0.1100 | Max Incremental Disp: 0.000000 m | Iterations 2
[LOG] Phase Step 2: Change to Mat 2 | Step 3: MStage 0.1820 | Max Incremental Disp: 0.000000 m | Iterations 2
Phase Step 2: Change to Mat 2 | Step 3: MStage 0.1820 | Max Incremental Disp: 0.000000 m | Iterations 2
[LOG] Phase Step 2: Change to Mat 2 | Step 4: MStage 0.2684 | Max Incremental Disp: 0.000000 m | Iterations 2
Phase Step 2: Change to Mat 2 | Step 4: MStage 0.2684 | Max Incremental Disp: 0.000000 m | Iterations 2
[LOG] Phase Step 2: Change to Mat 2 | Step 5: MStage 0.3721 | Max Incremental Disp: 0.000000 m | Iterations 2
Phase Step 2: Change to Mat 2 | Step 5: MStage 0.3721 | Max Incremental Disp: 0.000000 m | Iterations 2
[LOG] Phase Step 2: Change to Mat 2 | Step 6: MStage 0.4965 | Max Incremental Disp: 0.000000 m | Iterations 2
Phase Step 2: Change to Mat 2 | Step 6: MStage 0.4965 | Max Incremental Disp: 0.000000 m | Iterations 2
[LOG] Phase Step 2: Change to Mat 2 | Step 7: MStage 0.6458 | Max Incremental Disp: 0.000000 m | Iterations 2
Phase Step 2: Change to Mat 2 | Step 7: MStage 0.6458 | Max Incremental Disp: 0.000000 m | Iterations 2
[LOG] Phase Step 2: Change to Mat 2 | Step 8: MStage 0.8250 | Max Incremental Disp: 0.000000 m | Iterations 2
Phase Step 2: Change to Mat 2 | Step 8: MStage 0.8250 | Max Incremental Disp: 0.000000 m | Iterations 2
[LOG] Phase Step 2: Change to Mat 2 | Step 9: MStage 1.0000 | Max Incremental Disp: 0.000000 m | Iterations 2
Phase Step 2: Change to Mat 2 | Step 9: MStage 1.0000 | Max Incremental Disp: 0.000000 m | Iterations 2
[RESULT] Phase phase2 Success: True
[LOG] --- Starting Phase: Step 3: Change to Mat 3 (phase3) [Type: PhaseType.PLASTIC] ---
--- Starting Phase: Step 3: Change to Mat 3 (phase3) [Type: PhaseType.PLASTIC] ---
[LOG] Overriding material for Polygon 0: New Material 'Material Phase 3' (mat_3)
Overriding material for Polygon 0: New Material 'Material Phase 3' (mat_3)
[LOG] Phase Step 3: Change to Mat 3 | F_int_initial norm: 56.92 kN | delta_F_external norm: 0.00 kN | reset_disp: False
Phase Step 3: Change to Mat 3 | F_int_initial norm: 56.92 kN | delta_F_external norm: 0.00 kN | reset_disp: False
[LOG] Phase Step 3: Change to Mat 3 | Step 1: MStage 0.0500 | Max Incremental Disp: 0.000000 m | Iterations 2
Phase Step 3: Change to Mat 3 | Step 1: MStage 0.0500 | Max Incremental Disp: 0.000000 m | Iterations 2
[LOG] Phase Step 3: Change to Mat 3 | Step 2: MStage 0.1100 | Max Incremental Disp: 0.000000 m | Iterations 2
Phase Step 3: Change to Mat 3 | Step 2: MStage 0.1100 | Max Incremental Disp: 0.000000 m | Iterations 2
[LOG] Phase Step 3: Change to Mat 3 | Step 3: MStage 0.1820 | Max Incremental Disp: 0.000000 m | Iterations 2
Phase Step 3: Change to Mat 3 | Step 3: MStage 0.1820 | Max Incremental Disp: 0.000000 m | Iterations 2
[LOG] Phase Step 3: Change to Mat 3 | Step 4: MStage 0.2684 | Max Incremental Disp: 0.000000 m | Iterations 2
Phase Step 3: Change to Mat 3 | Step 4: MStage 0.2684 | Max Incremental Disp: 0.000000 m | Iterations 2
[LOG] Phase Step 3: Change to Mat 3 | Step 5: MStage 0.3721 | Max Incremental Disp: 0.000000 m | Iterations 2
Phase Step 3: Change to Mat 3 | Step 5: MStage 0.3721 | Max Incremental Disp: 0.000000 m | Iterations 2
[LOG] Phase Step 3: Change to Mat 3 | Step 6: MStage 0.4965 | Max Incremental Disp: 0.000000 m | Iterations 2
Phase Step 3: Change to Mat 3 | Step 6: MStage 0.4965 | Max Incremental Disp: 0.000000 m | Iterations 2
[LOG] Phase Step 3: Change to Mat 3 | Step 7: MStage 0.6458 | Max Incremental Disp: 0.000000 m | Iterations 2
Phase Step 3: Change to Mat 3 | Step 7: MStage 0.6458 | Max Incremental Disp: 0.000000 m | Iterations 2
[LOG] Phase Step 3: Change to Mat 3 | Step 8: MStage 0.8250 | Max Incremental Disp: 0.000000 m | Iterations 2
Phase Step 3: Change to Mat 3 | Step 8: MStage 0.8250 | Max Incremental Disp: 0.000000 m | Iterations 2
[LOG] Phase Step 3: Change to Mat 3 | Step 9: MStage 1.0000 | Max Incremental Disp: 0.000000 m | Iterations 2
Phase Step 3: Change to Mat 3 | Step 9: MStage 1.0000 | Max Incremental Disp: 0.000000 m | Iterations 2
[RESULT] Phase phase3 Success: True
[LOG] --- Starting Phase: Step 4: No Override (Revert to Mat 1) (phase4) [Type: PhaseType.PLASTIC] ---
--- Starting Phase: Step 4: No Override (Revert to Mat 1) (phase4) [Type: PhaseType.PLASTIC] ---
[LOG] Phase Step 4: No Override (Revert to Mat 1) | F_int_initial norm: 56.92 kN | delta_F_external norm: 0.00 kN | reset_disp: False
Phase Step 4: No Override (Revert to Mat 1) | F_int_initial norm: 56.92 kN | delta_F_external norm: 0.00 kN | reset_disp: False
[LOG] Phase Step 4: No Override (Revert to Mat 1) | Step 1: MStage 0.0500 | Max Incremental Disp: 0.000000 m | Iterations 2
Phase Step 4: No Override (Revert to Mat 1) | Step 1: MStage 0.0500 | Max Incremental Disp: 0.000000 m | Iterations 2
[LOG] Phase Step 4: No Override (Revert to Mat 1) | Step 2: MStage 0.1100 | Max Incremental Disp: 0.000000 m | Iterations 2
Phase Step 4: No Override (Revert to Mat 1) | Step 2: MStage 0.1100 | Max Incremental Disp: 0.000000 m | Iterations 2
[LOG] Phase Step 4: No Override (Revert to Mat 1) | Step 3: MStage 0.1820 | Max Incremental Disp: 0.000000 m | Iterations 2
Phase Step 4: No Override (Revert to Mat 1) | Step 3: MStage 0.1820 | Max Incremental Disp: 0.000000 m | Iterations 2
[LOG] Phase Step 4: No Override (Revert to Mat 1) | Step 4: MStage 0.2684 | Max Incremental Disp: 0.000000 m | Iterations 2
Phase Step 4: No Override (Revert to Mat 1) | Step 4: MStage 0.2684 | Max Incremental Disp: 0.000000 m | Iterations 2
[LOG] Phase Step 4: No Override (Revert to Mat 1) | Step 5: MStage 0.3721 | Max Incremental Disp: 0.000000 m | Iterations 2
Phase Step 4: No Override (Revert to Mat 1) | Step 5: MStage 0.3721 | Max Incremental Disp: 0.000000 m | Iterations 2
[LOG] Phase Step 4: No Override (Revert to Mat 1) | Step 6: MStage 0.4965 | Max Incremental Disp: 0.000000 m | Iterations 2
Phase Step 4: No Override (Revert to Mat 1) | Step 6: MStage 0.4965 | Max Incremental Disp: 0.000000 m | Iterations 2
[LOG] Phase Step 4: No Override (Revert to Mat 1) | Step 7: MStage 0.6458 | Max Incremental Disp: 0.000000 m | Iterations 2
Phase Step 4: No Override (Revert to Mat 1) | Step 7: MStage 0.6458 | Max Incremental Disp: 0.000000 m | Iterations 2
[LOG] Phase Step 4: No Override (Revert to Mat 1) | Step 8: MStage 0.8250 | Max Incremental Disp: 0.000000 m | Iterations 2
Phase Step 4: No Override (Revert to Mat 1) | Step 8: MStage 0.8250 | Max Incremental Disp: 0.000000 m | Iterations 2
[LOG] Phase Step 4: No Override (Revert to Mat 1) | Step 9: MStage 1.0000 | Max Incremental Disp: 0.000000 m | Iterations 2
Phase Step 4: No Override (Revert to Mat 1) | Step 9: MStage 1.0000 | Max Incremental Disp: 0.000000 m | Iterations 2
[RESULT] Phase phase4 Success: True
